src/pages/MisAnalisis.tsx(60,10): error TS6133: 'IconPlus' is declared but its value is never read.
src/pages/MisAnalisis.tsx(78,10): error TS6133: 'IconFile' is declared but its value is never read.
